FAILED tests/test_dashboard.py::test_dashboard_department_metrics_are_live_and_filterable
FAILED tests/test_dashboard.py::test_dashboard_requires_admin_or_department_head[doctor]
FAILED tests/test_dashboard.py::test_dashboard_requires_admin_or_department_head[it]
FAILED tests/test_dashboard.py::test_dashboard_requires_admin_or_department_head[compliance]
FAILED tests/test_dashboard_api.py::test_dashboard_success_and_grouping - ass...
FAILED tests/test_dashboard_api.py::test_dashboard_rbac_role_denied - assert ...
FAILED tests/test_dashboard_api.py::test_dashboard_rbac_patient_denied - asse...
FAILED tests/test_dashboard_api.py::test_dashboard_performance - assert 429 =...
FAILED tests/test_patient_rbac_endpoints.py::test_doctor_denied_out_of_scope_patient
FAILED tests/test_patient_rbac_endpoints.py::test_doctor_permitted_in_scope_patient
FAILED tests/test_patient_rbac_endpoints.py::test_hospital_admin_bypasses_restriction
FAILED tests/test_patient_rbac_endpoints.py::test_department_head_denied_direct_access
FAILED tests/test_patient_rbac_endpoints.py::test_timeline_patient_id_required_for_doctor
FAILED tests/test_patient_rbac_endpoints.py::test_timeline_event_document_scoped
FAILED tests/test_patient_rbac_endpoints.py::test_review_pending_list_filtered
FAILED tests/test_patient_rbac_endpoints.py::test_correction_submitting_routes_denied_for_doctor
FAILED tests/test_patient_rbac_endpoints.py::test_correction_submitting_routes_denied_for_hospital_admin
FAILED tests/test_rag_conversation.py::test_conversation_isolation_across_patients
FAILED tests/test_rag_conversation.py::test_conversation_isolation_across_users
FAILED tests/test_report_agent.py::test_api_response_includes_resolved_filters_and_chart_type
FAILED tests/test_report_agent.py::test_success_creates_report_request_and_audit_log
FAILED tests/test_upload.py::test_get_all_documents - assert 0 >= 1
FAILED tests/test_upload.py::test_get_document_status - sqlalchemy.orm.exc.Ob...
FAILED tests/test_upload.py::test_upload_image_and_preprocess - TimeoutError:...
FAILED tests/test_upload.py::test_upload_path_traversal - assert None is not ...
FAILED tests/test_upload.py::test_delete_document_removes_files_from_uploads
FAILED tests/test_upload.py::test_delete_all_documents_cleans_uploads_folder
FAILED tests/test_validation.py::test_docx_upload_rejected - assert 401 == 400
FAILED tests/test_validation.py::test_upload_logs_audit_trail - AssertionErro...
ERROR tests/test_audit_coverage_enforced.py::test_declarative_correction_export
ERROR tests/test_completeness.py::test_t5_put_settings_disabled_and_check - N...
ERROR tests/test_completeness.py::test_t7_doctor_role_calling_completeness_check_allowed
ERROR tests/test_correction_logs.py::test_log_accept_persists_verified_at - N...
ERROR tests/test_correction_logs.py::test_log_edit_sets_after_value - NameErr...
ERROR tests/test_correction_logs.py::test_log_reject_leaves_verified_at_null
ERROR tests/test_correction_logs.py::test_accept_removes_from_pending_queue
ERROR tests/test_correction_logs.py::test_reject_leaves_field_in_pending_queue
ERROR tests/test_correction_logs.py::test_get_logs_for_document - NameError: ...
ERROR tests/test_correction_logs.py::test_export_phi_field_returns_hash_not_plaintext
ERROR tests/test_correction_logs.py::test_export_non_phi_field_returns_raw_value
ERROR tests/test_correction_logs.py::test_export_marks_logs_as_exported - Nam...
ERROR tests/test_correction_logs.py::test_double_export_does_not_duplicate - ...
ERROR tests/test_correction_logs.py::test_log_not_found_returns_404 - NameErr...
ERROR tests/test_correction_logs.py::test_unauthenticated_request_returns_401
ERROR tests/test_correction_logs.py::test_api_export_writes_audit_log - NameE...
ERROR tests/test_correction_logs.py::test_scheduled_export_writes_audit_log_with_system_actor
